// Jest Snapshot v1, https://goo.gl/fbAQLP

exports[`Major header is ok. 1`] = `
<div
  className="major-header"
>
  <label>
    Погода здесь
  </label>
  <form
    onSubmit={[Function]}
  >
    <input
      className="btn"
      type="submit"
      value="Обновить геолокацию"
    />
  </form>
</div>
`;
