// Jest Snapshot v1, https://goo.gl/fbAQLP

exports[`Major error is ok. 1`] = `
<div>
  <div
    className="major-header"
  >
    <label>
      Погода здесь
    </label>
    <form
      onSubmit={[Function]}
    >
      <input
        className="btn"
        type="submit"
        value="Обновить геолокацию"
      />
    </form>
  </div>
  <div
    className="major-loader"
  >
    Подождите, данные загружаются
  </div>
</div>
`;

exports[`Major loading is ok. 1`] = `
<div>
  <div
    className="major-header"
  >
    <label>
      Погода здесь
    </label>
    <form
      onSubmit={[Function]}
    >
      <input
        className="btn"
        type="submit"
        value="Обновить геолокацию"
      />
    </form>
  </div>
  <div
    className="major-loader"
  >
    Подождите, данные загружаются
  </div>
</div>
`;

exports[`Major wrapper is ok. 1`] = `
<div>
  <div
    className="major-header"
  >
    <label>
      Погода здесь
    </label>
    <form
      onSubmit={[Function]}
    >
      <input
        className="btn"
        type="submit"
        value="Обновить геолокацию"
      />
    </form>
  </div>
  <div
    className="major-loader"
  >
    Подождите, данные загружаются
  </div>
</div>
`;
