// Jest Snapshot v1, https://goo.gl/fbAQLP

exports[`Error on favour is ok. 1`] = `
<div>
  <div>
    Ошибочка вышла:
  </div>
  <div>
    There is no such city.
  </div>
  <button
    className="btn"
    onClick={[Function]}
  >
    Удалить
  </button>
</div>
`;

exports[`Error on major city is ok. 1`] = `
<div>
  <div>
    Ошибочка вышла:
  </div>
  <div>
    There is no such city.
  </div>
  <button
    className="btn"
    onClick={[Function]}
  >
    Удалить
  </button>
</div>
`;

exports[`Favour city with data is ok. 1`] = `
<div
  className="favour-grid-wrapper"
>
  <div
    className="favour-weather"
  >
    <div
      className="favour-city-name"
    >
      Orenburg
    </div>
    <div
      className="favour-city-temprature"
    >
      -18
      °C
    </div>
    <div>
      <img
        alt="weather"
        className="city-picture"
        crossOrigin="anonymous"
        src="http://openweathermap.org/img/wn/01n@2x.png"
      />
    </div>
    <div
      className="button-holder"
    >
      <button
        className="btn"
        onClick={[Function]}
      >
        Удалить
      </button>
    </div>
  </div>
  <p
    className="add-data-element"
  >
    Ветер:    
    <span>
      3
        м/с, 
      280
      °
    </span>
  </p>
  <p
    className="add-data-element"
  >
    Погода:   
    <span>
      Clear
    </span>
  </p>
  <p
    className="add-data-element"
  >
    Влажность:  
    <span>
      77
       %
    </span>
  </p>
  <p
    className="add-data-element"
  >
    Давление:  
    <span>
      1042
       hpa
    </span>
  </p>
  <p
    className="add-data-element"
  >
    Координаты:  
    <span>
      [
      55.1
       , 
      51.77
      ]
    </span>
  </p>
</div>
`;

exports[`Favour city without data is ok. 1`] = `
<div
  className="favour-loader"
>
  Подождите, данные загружаются
</div>
`;

exports[`Favour loader is ok. 1`] = `<div />`;

exports[`Major city with data is ok. 1`] = `
<div
  className="favour-grid-wrapper"
>
  <div
    className="favour-weather"
  >
    <div
      className="favour-city-name"
    >
      Orenburg
    </div>
    <div
      className="favour-city-temprature"
    >
      -18
      °C
    </div>
    <div>
      <img
        alt="weather"
        className="city-picture"
        crossOrigin="anonymous"
        src="http://openweathermap.org/img/wn/01n@2x.png"
      />
    </div>
    <div
      className="button-holder"
    >
      <button
        className="btn"
        onClick={[Function]}
      >
        Удалить
      </button>
    </div>
  </div>
  <p
    className="add-data-element"
  >
    Ветер:    
    <span>
      3
        м/с, 
      280
      °
    </span>
  </p>
  <p
    className="add-data-element"
  >
    Погода:   
    <span>
      Clear
    </span>
  </p>
  <p
    className="add-data-element"
  >
    Влажность:  
    <span>
      77
       %
    </span>
  </p>
  <p
    className="add-data-element"
  >
    Давление:  
    <span>
      1042
       hpa
    </span>
  </p>
  <p
    className="add-data-element"
  >
    Координаты:  
    <span>
      [
      55.1
       , 
      51.77
      ]
    </span>
  </p>
</div>
`;

exports[`Major loader is ok. 1`] = `<div />`;

exports[`Major loader without data is ok. 1`] = `
<div
  className="favour-loader"
>
  Подождите, данные загружаются
</div>
`;
